// Jest Snapshot v1, https://goo.gl/fbAQLP

exports[`kosko generate --dev 1`] = `
"---
metadata:
  annotations:
    field.cattle.io/creatorId: gitlab
    field.cattle.io/projectId: ''
    git/branch: master
    git/remote: >-
      https://gitlab-ci-token:[MASKED]@gitlab.factory.social.gouv.fr/SocialGouv/cdtn-api.git
    app.gitlab.com/app: socialgouv-cdtn-api
    app.gitlab.com/env: master-dev42
    app.gitlab.com/env.name: master-dev42
  labels:
    azure-pg-admin-user: cdtn-api
    application: master-dev42-cdtn-api
    owner: cdtn-api
    team: cdtn-api
    cert: wildcard
  name: cdtn-api-85-master-dev42
apiVersion: v1
kind: Namespace
---
metadata:
  annotations:
    kapp.k14s.io/disable-default-ownership-label-rules: ''
    kapp.k14s.io/disable-default-label-scoping-rules: ''
    app.gitlab.com/app: socialgouv-cdtn-api
    app.gitlab.com/env: master-dev42
    app.gitlab.com/env.name: master-dev42
  labels:
    app: app
    application: master-dev42-cdtn-api
    owner: cdtn-api
    team: cdtn-api
    cert: wildcard
  name: app
  namespace: cdtn-api-85-master-dev42
spec:
  replicas: 1
  selector:
    matchLabels:
      app: app
  template:
    metadata:
      annotations:
        kapp.k14s.io/disable-default-ownership-label-rules: ''
        kapp.k14s.io/disable-default-label-scoping-rules: ''
        app.gitlab.com/app: socialgouv-cdtn-api
        app.gitlab.com/env: master-dev42
        app.gitlab.com/env.name: master-dev42
      labels:
        app: app
        application: master-dev42-cdtn-api
        owner: cdtn-api
        team: cdtn-api
        cert: wildcard
    spec:
      containers:
        - image: >-
            harbor.fabrique.social.gouv.fr/cdtn/cdtn-api-app:0123456789abcdefghijklmnopqrstuvwxyz0123
          livenessProbe:
            failureThreshold: 6
            httpGet:
              path: /healthz
              port: http
            initialDelaySeconds: 30
            periodSeconds: 5
            timeoutSeconds: 5
          name: app
          ports:
            - containerPort: 3000
              name: http
          readinessProbe:
            failureThreshold: 15
            httpGet:
              path: /healthz
              port: http
            initialDelaySeconds: 0
            periodSeconds: 5
            successThreshold: 1
            timeoutSeconds: 1
          resources:
            limits:
              cpu: 1000m
              memory: 768Mi
            requests:
              cpu: 5m
              memory: 128Mi
          startupProbe:
            failureThreshold: 12
            httpGet:
              path: /healthz
              port: http
            periodSeconds: 5
          env:
            - name: REDIS_URL
              value: redis://redis:80
      initContainers:
        - name: init
          image: >-
            harbor.fabrique.social.gouv.fr/cdtn/cdtn-api-init:0123456789abcdefghijklmnopqrstuvwxyz0123
          imagePullPolicy: Always
          resources:
            requests:
              cpu: 2000m
              memory: 2Gi
            limits:
              cpu: 2000m
              memory: 2Gi
          env:
            - name: REDIS_URL
              value: redis://redis:80
apiVersion: apps/v1
kind: Deployment
---
metadata:
  labels:
    app: app
    application: master-dev42-cdtn-api
    owner: cdtn-api
    team: cdtn-api
    cert: wildcard
  name: app
  annotations:
    kapp.k14s.io/disable-default-ownership-label-rules: ''
    kapp.k14s.io/disable-default-label-scoping-rules: ''
    app.gitlab.com/app: socialgouv-cdtn-api
    app.gitlab.com/env: master-dev42
    app.gitlab.com/env.name: master-dev42
  namespace: cdtn-api-85-master-dev42
spec:
  ports:
    - name: http
      port: 80
      targetPort: 3000
  selector:
    app: app
  type: ClusterIP
apiVersion: v1
kind: Service
---
metadata:
  annotations:
    kubernetes.io/ingress.class: nginx
    kapp.k14s.io/disable-default-ownership-label-rules: ''
    kapp.k14s.io/disable-default-label-scoping-rules: ''
    app.gitlab.com/app: socialgouv-cdtn-api
    app.gitlab.com/env: master-dev42
    app.gitlab.com/env.name: master-dev42
  labels:
    app: app
    application: master-dev42-cdtn-api
    owner: cdtn-api
    team: cdtn-api
    cert: wildcard
  name: app
  namespace: cdtn-api-85-master-dev42
spec:
  rules:
    - host: master-dev42-cdtn-api.dev42.fabrique.social.gouv.fr
      http:
        paths:
          - backend:
              serviceName: app
              servicePort: 80
            path: /
  tls:
    - hosts:
        - master-dev42-cdtn-api.dev42.fabrique.social.gouv.fr
      secretName: wildcard-crt
apiVersion: extensions/v1beta1
kind: Ingress
---
metadata:
  annotations:
    kapp.k14s.io/disable-default-ownership-label-rules: ''
    kapp.k14s.io/disable-default-label-scoping-rules: ''
    app.gitlab.com/app: socialgouv-cdtn-api
    app.gitlab.com/env: master-dev42
    app.gitlab.com/env.name: master-dev42
  labels:
    app: redis
    application: master-dev42-cdtn-api
    owner: cdtn-api
    team: cdtn-api
    cert: wildcard
    component: redis
  name: redis
  namespace: cdtn-api-85-master-dev42
spec:
  replicas: 1
  selector:
    matchLabels:
      app: redis
  template:
    metadata:
      annotations:
        kapp.k14s.io/disable-default-ownership-label-rules: ''
        kapp.k14s.io/disable-default-label-scoping-rules: ''
        app.gitlab.com/app: socialgouv-cdtn-api
        app.gitlab.com/env: master-dev42
        app.gitlab.com/env.name: master-dev42
      labels:
        app: redis
        application: master-dev42-cdtn-api
        owner: cdtn-api
        team: cdtn-api
        cert: wildcard
        component: redis
    spec:
      containers:
        - image: redis:6.2.3-alpine3.13
          livenessProbe:
            failureThreshold: 6
            initialDelaySeconds: 30
            periodSeconds: 5
            timeoutSeconds: 5
            exec:
              command:
                - sh
                - '-c'
                - redis-cli ping
          name: redis
          ports:
            - containerPort: 6379
              name: http
          readinessProbe:
            failureThreshold: 15
            initialDelaySeconds: 0
            periodSeconds: 5
            successThreshold: 1
            timeoutSeconds: 1
            exec:
              command:
                - sh
                - '-c'
                - redis-cli ping
          resources:
            limits:
              cpu: 1000m
              memory: 1Gi
            requests:
              cpu: 5m
              memory: 128Mi
          startupProbe:
            failureThreshold: 12
            periodSeconds: 5
            exec:
              command:
                - sh
                - '-c'
                - redis-cli ping
apiVersion: apps/v1
kind: Deployment
---
metadata:
  labels:
    app: redis
    application: master-dev42-cdtn-api
    owner: cdtn-api
    team: cdtn-api
    cert: wildcard
  name: redis
  annotations:
    kapp.k14s.io/disable-default-ownership-label-rules: ''
    kapp.k14s.io/disable-default-label-scoping-rules: ''
    app.gitlab.com/app: socialgouv-cdtn-api
    app.gitlab.com/env: master-dev42
    app.gitlab.com/env.name: master-dev42
  namespace: cdtn-api-85-master-dev42
spec:
  ports:
    - name: http
      port: 80
      targetPort: 6379
  selector:
    app: redis
  type: ClusterIP
apiVersion: v1
kind: Service
"
`;
