// Jest Snapshot v1, https://goo.gl/fbAQLP

exports[`kosko generate --prod 1`] = `
"---
apiVersion: apps/v1
kind: Deployment
metadata:
  annotations:
    kapp.k14s.io/disable-default-ownership-label-rules: ''
    kapp.k14s.io/disable-default-label-scoping-rules: ''
    app.gitlab.com/app: socialgouv-cdtn-api
    app.gitlab.com/env: prod
    app.gitlab.com/env.name: prod
  labels:
    app: app
    application: cdtn-api
    component: cdtn-api
    owner: cdtn-api
    team: cdtn-api
  name: app
  namespace: cdtn-api
spec:
  replicas: 1
  selector:
    matchLabels:
      app: app
  template:
    metadata:
      annotations:
        kapp.k14s.io/disable-default-ownership-label-rules: ''
        kapp.k14s.io/disable-default-label-scoping-rules: ''
        app.gitlab.com/app: socialgouv-cdtn-api
        app.gitlab.com/env: prod
        app.gitlab.com/env.name: prod
      labels:
        app: app
        application: cdtn-api
        component: cdtn-api
        owner: cdtn-api
        team: cdtn-api
    spec:
      containers:
        - image: harbor.fabrique.social.gouv.fr/cdtn/cdtn-api-app:1.2.3
          livenessProbe:
            failureThreshold: 6
            httpGet:
              path: /healthz
              port: http
            initialDelaySeconds: 30
            periodSeconds: 5
            timeoutSeconds: 5
          name: app
          ports:
            - containerPort: 3000
              name: http
          readinessProbe:
            failureThreshold: 15
            httpGet:
              path: /healthz
              port: http
            initialDelaySeconds: 0
            periodSeconds: 5
            successThreshold: 1
            timeoutSeconds: 1
          resources:
            limits:
              cpu: 1000m
              memory: 768Mi
            requests:
              cpu: 5m
              memory: 128Mi
          startupProbe:
            failureThreshold: 12
            httpGet:
              path: /healthz
              port: http
            periodSeconds: 5
          env:
            - name: REDIS_URL
              value: redis://redis:80
      initContainers:
        - name: init
          image: harbor.fabrique.social.gouv.fr/cdtn/cdtn-api-init:1.2.3
          imagePullPolicy: Always
          resources:
            requests:
              cpu: 2000m
              memory: 2Gi
            limits:
              cpu: 2000m
              memory: 2Gi
          env:
            - name: REDIS_URL
              value: redis://redis:80
---
apiVersion: v1
kind: Service
metadata:
  labels:
    app: app
    application: cdtn-api
    component: cdtn-api
    owner: cdtn-api
    team: cdtn-api
  name: app
  annotations:
    kapp.k14s.io/disable-default-ownership-label-rules: ''
    kapp.k14s.io/disable-default-label-scoping-rules: ''
    app.gitlab.com/app: socialgouv-cdtn-api
    app.gitlab.com/env: prod
    app.gitlab.com/env.name: prod
  namespace: cdtn-api
spec:
  ports:
    - name: http
      port: 80
      targetPort: 3000
  selector:
    app: app
  type: ClusterIP
---
apiVersion: networking.k8s.io/v1
kind: Ingress
metadata:
  annotations:
    kubernetes.io/ingress.class: nginx
    cert-manager.io/cluster-issuer: letsencrypt-prod
    kubernetes.io/tls-acme: 'true'
    kapp.k14s.io/disable-default-ownership-label-rules: ''
    kapp.k14s.io/disable-default-label-scoping-rules: ''
    app.gitlab.com/app: socialgouv-cdtn-api
    app.gitlab.com/env: prod
    app.gitlab.com/env.name: prod
  labels:
    app: app
    application: cdtn-api
    component: cdtn-api
    owner: cdtn-api
    team: cdtn-api
  name: app
  namespace: cdtn-api
spec:
  rules:
    - host: cdtn-api.fabrique.social.gouv.fr
      http:
        paths:
          - backend:
              service:
                name: app
                port:
                  name: http
            path: /
            pathType: Prefix
  tls:
    - hosts:
        - cdtn-api.fabrique.social.gouv.fr
      secretName: app-crt
---
apiVersion: networking.k8s.io/v1
kind: NetworkPolicy
metadata:
  name: netpol-cdtn-api
  namespace: cdtn-api
spec:
  ingress:
    - from:
        - podSelector: {}
    - from:
        - namespaceSelector:
            matchLabels:
              network-policy/source: ingress-controller
    - from:
        - namespaceSelector:
            matchLabels:
              network-policy/source: monitoring
  podSelector: {}
  policyTypes:
    - Ingress
---
apiVersion: apps/v1
kind: Deployment
metadata:
  annotations:
    kapp.k14s.io/disable-default-ownership-label-rules: ''
    kapp.k14s.io/disable-default-label-scoping-rules: ''
    app.gitlab.com/app: socialgouv-cdtn-api
    app.gitlab.com/env: prod
    app.gitlab.com/env.name: prod
  labels:
    app: redis
    application: cdtn-api
    component: redis
    owner: cdtn-api
    team: cdtn-api
  name: redis
  namespace: cdtn-api
spec:
  replicas: 1
  selector:
    matchLabels:
      app: redis
  template:
    metadata:
      annotations:
        kapp.k14s.io/disable-default-ownership-label-rules: ''
        kapp.k14s.io/disable-default-label-scoping-rules: ''
        app.gitlab.com/app: socialgouv-cdtn-api
        app.gitlab.com/env: prod
        app.gitlab.com/env.name: prod
      labels:
        app: redis
        application: cdtn-api
        component: redis
        owner: cdtn-api
        team: cdtn-api
    spec:
      containers:
        - image: redis:6.2.5-alpine3.14
          livenessProbe:
            failureThreshold: 6
            initialDelaySeconds: 30
            periodSeconds: 5
            timeoutSeconds: 5
            exec:
              command:
                - sh
                - '-c'
                - redis-cli ping
          name: redis
          ports:
            - containerPort: 6379
              name: http
          readinessProbe:
            failureThreshold: 15
            initialDelaySeconds: 0
            periodSeconds: 5
            successThreshold: 1
            timeoutSeconds: 1
            exec:
              command:
                - sh
                - '-c'
                - redis-cli ping
          resources:
            limits:
              cpu: 1000m
              memory: 1Gi
            requests:
              cpu: 5m
              memory: 128Mi
          startupProbe:
            failureThreshold: 12
            periodSeconds: 5
            exec:
              command:
                - sh
                - '-c'
                - redis-cli ping
---
apiVersion: v1
kind: Service
metadata:
  labels:
    app: redis
    application: cdtn-api
    component: redis
    owner: cdtn-api
    team: cdtn-api
  name: redis
  annotations:
    kapp.k14s.io/disable-default-ownership-label-rules: ''
    kapp.k14s.io/disable-default-label-scoping-rules: ''
    app.gitlab.com/app: socialgouv-cdtn-api
    app.gitlab.com/env: prod
    app.gitlab.com/env.name: prod
  namespace: cdtn-api
spec:
  ports:
    - name: http
      port: 80
      targetPort: 6379
  selector:
    app: redis
  type: ClusterIP
"
`;
